selected region 0,0 1280x720
Setting codec option: crf=20
Setting codec option: preset=superfast
Setting codec option: tune=zerolatency
Framerate: 60
Using video filter: fps=60
[libx264 @ 0x7f34cc001ec0] using SAR=1/1
[libx264 @ 0x7f34cc001ec0] using cpu capabilities: MMX2 SSE2Fast SSSE3 SSE4.2 AVX FMA3 BMI2 AVX2 AVX512
[libx264 @ 0x7f34cc001ec0] profile High, level 3.2, 4:2:0, 8-bit
[libx264 @ 0x7f34cc001ec0] 264 - core 165 r3222 b35605a - H.264/MPEG-4 AVC codec - Copyleft 2003-2025 - http://www.videolan.org/x264.html - options: cabac=1 ref=1 deblock=1:0:0 analyse=0x3:0x3 me=dia subme=1 psy=1 psy_rd=1.00:0.00 mixed_ref=0 me_range=16 chroma_me=1 trellis=0 8x8dct=1 cqm=0 deadzone=21,11 fast_pskip=1 chroma_qp_offset=0 threads=11 lookahead_threads=11 sliced_threads=1 slices=11 nr=0 decimate=1 interlaced=0 bluray_compat=0 constrained_intra=0 bframes=0 weightp=1 keyint=250 keyint_min=25 scenecut=40 intra_refresh=0 rc=crf mbtree=0 crf=20.0 qcomp=0.60 qpmin=0 qpmax=69 qpstep=4 ip_ratio=1.40 aq=1:1.00
Output #0, mp4, to '/home/sandwich/Develop/hyprflow/artifacts/final/navigation/navigation.mp4':
  Stream #0:0: Video: h264, yuv420p(pc), 1280x720 [SAR 1:1 DAR 16:9], q=2-31
    Side data:
      CPB properties: bitrate max/min/avg: 0/0/0 buffer size: 0 vbv_delay: N/A
[Source @ 0x7f34cc005f80] Changing video frame properties on the fly is not supported by all filters.
[Source @ 0x7f34cc005f80] filter context - w: 1280 h: 720 fmt: 121 csp: gbr range: unknown alpha: unspecified, incoming frame - w: 1280 h: 720 fmt: 121 csp: unknown range: unknown alpha: unspecified pts_time: 0
[libx264 @ 0x7f34cc001ec0] frame I:1     Avg QP: 8.82  size:104282
[libx264 @ 0x7f34cc001ec0] frame P:195   Avg QP: 7.83  size:   656
[libx264 @ 0x7f34cc001ec0] mb I  I16..4: 77.0%  3.4% 19.6%
[libx264 @ 0x7f34cc001ec0] mb P  I16..4:  0.1%  0.0%  0.0%  P16..4:  1.4%  0.0%  0.0%  0.0%  0.0%    skip:98.5%
[libx264 @ 0x7f34cc001ec0] 8x8 transform intra:4.0% inter:66.2%
[libx264 @ 0x7f34cc001ec0] coded y,uvDC,uvAC intra: 35.6% 33.0% 24.2% inter: 0.3% 1.1% 0.0%
[libx264 @ 0x7f34cc001ec0] i16 v,h,dc,p: 59% 20% 20%  1%
[libx264 @ 0x7f34cc001ec0] i8 v,h,dc,ddl,ddr,vr,hd,vl,hu: 25% 18% 34% 10%  1%  1%  1%  3%  7%
[libx264 @ 0x7f34cc001ec0] i4 v,h,dc,ddl,ddr,vr,hd,vl,hu: 22% 48% 16%  5%  1%  2%  2%  2%  2%
[libx264 @ 0x7f34cc001ec0] i8c dc,h,v,p: 74% 12% 10%  5%
[libx264 @ 0x7f34cc001ec0] Weighted P-Frames: Y:0.0% UV:0.0%
[libx264 @ 0x7f34cc001ec0] kb/s:568.44
