selected region 0,0 1280x720
Setting codec option: crf=20
Setting codec option: preset=superfast
Setting codec option: tune=zerolatency
Framerate: 60
Using video filter: fps=60
[libx264 @ 0x7fc1fc001e80] using SAR=1/1
[libx264 @ 0x7fc1fc001e80] using cpu capabilities: MMX2 SSE2Fast SSSE3 SSE4.2 AVX FMA3 BMI2 AVX2 AVX512
[libx264 @ 0x7fc1fc001e80] profile High, level 3.2, 4:2:0, 8-bit
[libx264 @ 0x7fc1fc001e80] 264 - core 165 r3222 b35605a - H.264/MPEG-4 AVC codec - Copyleft 2003-2025 - http://www.videolan.org/x264.html - options: cabac=1 ref=1 deblock=1:0:0 analyse=0x3:0x3 me=dia subme=1 psy=1 psy_rd=1.00:0.00 mixed_ref=0 me_range=16 chroma_me=1 trellis=0 8x8dct=1 cqm=0 deadzone=21,11 fast_pskip=1 chroma_qp_offset=0 threads=11 lookahead_threads=11 sliced_threads=1 slices=11 nr=0 decimate=1 interlaced=0 bluray_compat=0 constrained_intra=0 bframes=0 weightp=1 keyint=250 keyint_min=25 scenecut=40 intra_refresh=0 rc=crf mbtree=0 crf=20.0 qcomp=0.60 qpmin=0 qpmax=69 qpstep=4 ip_ratio=1.40 aq=1:1.00
Output #0, mp4, to '/home/sandwich/Develop/hyprflow/artifacts/final/stress/stress.mp4':
  Stream #0:0: Video: h264, yuv420p(pc), 1280x720 [SAR 1:1 DAR 16:9], q=2-31
    Side data:
      CPB properties: bitrate max/min/avg: 0/0/0 buffer size: 0 vbv_delay: N/A
[Source @ 0x7fc1fc005f40] Changing video frame properties on the fly is not supported by all filters.
[Source @ 0x7fc1fc005f40] filter context - w: 1280 h: 720 fmt: 121 csp: gbr range: unknown alpha: unspecified, incoming frame - w: 1280 h: 720 fmt: 121 csp: unknown range: unknown alpha: unspecified pts_time: 0
[libx264 @ 0x7fc1fc001e80] frame I:3     Avg QP: 7.36  size: 67175
[libx264 @ 0x7fc1fc001e80] frame P:392   Avg QP:11.87  size: 16082
[libx264 @ 0x7fc1fc001e80] mb I  I16..4: 74.5%  8.1% 17.4%
[libx264 @ 0x7fc1fc001e80] mb P  I16..4: 16.7%  2.9%  1.7%  P16..4: 17.1%  0.0%  0.0%  0.0%  0.0%    skip:61.6%
[libx264 @ 0x7fc1fc001e80] 8x8 transform intra:13.6% inter:50.2%
[libx264 @ 0x7fc1fc001e80] coded y,uvDC,uvAC intra: 25.0% 17.8% 8.8% inter: 10.2% 2.9% 0.4%
[libx264 @ 0x7fc1fc001e80] i16 v,h,dc,p: 63% 27% 10%  1%
[libx264 @ 0x7fc1fc001e80] i8 v,h,dc,ddl,ddr,vr,hd,vl,hu: 15% 27% 31%  6%  2%  2%  5%  4%  8%
[libx264 @ 0x7fc1fc001e80] i4 v,h,dc,ddl,ddr,vr,hd,vl,hu: 24% 39% 20%  4%  2%  2%  2%  2%  5%
[libx264 @ 0x7fc1fc001e80] i8c dc,h,v,p: 76% 13%  8%  3%
[libx264 @ 0x7fc1fc001e80] Weighted P-Frames: Y:0.0% UV:0.0%
[libx264 @ 0x7fc1fc001e80] kb/s:7905.40
